C:\Users\coler\OneDrive\Desktop\ai new\experiments\robust_witness_search_20261001\.venv\Lib\site-packages\cupy\_environment.py:286: UserWarning: CUDA path could not be detected. Set CUDA_PATH environment variable if CuPy fails to load.
  warnings.warn(
BEGIN dense_n3_archived
dense_n3_archived svd r 1 success True
dense_n3_archived svd r 2 success True
dense_n3_archived svd r 3 success True
dense_n3_archived svd r 4 success True
dense_n3_archived svd r 5 success True
dense_n3_archived svd r 6 success True
dense_n3_archived svd r 7 success False
dense_n3_archived svd r 8 success False
dense_n3_archived svd r 9 success False
dense_n3_archived svd r 10 success False
dense_n3_archived query_aligned r 1 success True
dense_n3_archived query_aligned r 2 success True
dense_n3_archived query_aligned r 3 success True
dense_n3_archived query_aligned r 4 success True
dense_n3_archived query_aligned r 5 success True
dense_n3_archived query_aligned r 6 success True
dense_n3_archived query_aligned r 7 success False
dense_n3_archived query_aligned r 8 success False
dense_n3_archived query_aligned r 9 success False
dense_n3_archived query_aligned r 10 success False
dense_n3_archived hessian_aware r 1 success True
dense_n3_archived hessian_aware r 2 success True
dense_n3_archived hessian_aware r 3 success True
dense_n3_archived hessian_aware r 4 success True
dense_n3_archived hessian_aware r 5 success True
dense_n3_archived hessian_aware r 6 success True
dense_n3_archived hessian_aware r 7 success False
dense_n3_archived hessian_aware r 8 success False
dense_n3_archived hessian_aware r 9 success False
dense_n3_archived hessian_aware r 10 success False
dense_n3_archived rotated_0 r 1 success True
dense_n3_archived rotated_0 r 2 success True
dense_n3_archived rotated_0 r 3 success True
dense_n3_archived rotated_0 r 4 success True
dense_n3_archived rotated_0 r 5 success True
dense_n3_archived rotated_0 r 6 success True
dense_n3_archived rotated_0 r 7 success True
dense_n3_archived rotated_0 r 8 success True
dense_n3_archived rotated_0 r 9 success True
dense_n3_archived rotated_0 r 10 success True
dense_n3_archived rotated_1 r 1 success True
dense_n3_archived rotated_1 r 2 success True
dense_n3_archived rotated_1 r 3 success True
dense_n3_archived rotated_1 r 4 success True
dense_n3_archived rotated_1 r 5 success True
dense_n3_archived rotated_1 r 6 success True
dense_n3_archived rotated_1 r 7 success True
dense_n3_archived rotated_1 r 8 success True
dense_n3_archived rotated_1 r 9 success True
dense_n3_archived rotated_1 r 10 success True
DONE dense_n3_archived {'basis': 'rotated_0', 'r': 12, 'amplitude': 1.0, 'points': 4096, 'valid_fraction': 1.0, 'success': True, 'min_query': 0.002589522211901526, 'closest_pair': (851, 885)} 512
BEGIN dense_n3_confirmation
dense_n3_confirmation svd r 1 success True
dense_n3_confirmation svd r 2 success True
dense_n3_confirmation svd r 3 success True
dense_n3_confirmation svd r 4 success True
dense_n3_confirmation svd r 5 success True
dense_n3_confirmation svd r 6 success True
dense_n3_confirmation svd r 7 success False
dense_n3_confirmation svd r 8 success False
dense_n3_confirmation svd r 9 success False
dense_n3_confirmation svd r 10 success False
dense_n3_confirmation query_aligned r 1 success True
dense_n3_confirmation query_aligned r 2 success True
dense_n3_confirmation query_aligned r 3 success True
dense_n3_confirmation query_aligned r 4 success True
dense_n3_confirmation query_aligned r 5 success True
dense_n3_confirmation query_aligned r 6 success True
dense_n3_confirmation query_aligned r 7 success False
dense_n3_confirmation query_aligned r 8 success False
dense_n3_confirmation query_aligned r 9 success False
dense_n3_confirmation query_aligned r 10 success False
dense_n3_confirmation hessian_aware r 1 success True
dense_n3_confirmation hessian_aware r 2 success True
dense_n3_confirmation hessian_aware r 3 success True
dense_n3_confirmation hessian_aware r 4 success True
dense_n3_confirmation hessian_aware r 5 success True
dense_n3_confirmation hessian_aware r 6 success True
dense_n3_confirmation hessian_aware r 7 success False
dense_n3_confirmation hessian_aware r 8 success False
dense_n3_confirmation hessian_aware r 9 success False
dense_n3_confirmation hessian_aware r 10 success False
dense_n3_confirmation rotated_0 r 1 success True
dense_n3_confirmation rotated_0 r 2 success True
dense_n3_confirmation rotated_0 r 3 success True
dense_n3_confirmation rotated_0 r 4 success True
dense_n3_confirmation rotated_0 r 5 success True
dense_n3_confirmation rotated_0 r 6 success True
dense_n3_confirmation rotated_0 r 7 success True
dense_n3_confirmation rotated_0 r 8 success True
dense_n3_confirmation rotated_0 r 9 success True
dense_n3_confirmation rotated_0 r 10 success True
dense_n3_confirmation rotated_1 r 1 success True
dense_n3_confirmation rotated_1 r 2 success True
dense_n3_confirmation rotated_1 r 3 success True
dense_n3_confirmation rotated_1 r 4 success True
dense_n3_confirmation rotated_1 r 5 success True
dense_n3_confirmation rotated_1 r 6 success True
dense_n3_confirmation rotated_1 r 7 success True
dense_n3_confirmation rotated_1 r 8 success True
dense_n3_confirmation rotated_1 r 9 success True
dense_n3_confirmation rotated_1 r 10 success True
DONE dense_n3_confirmation {'basis': 'rotated_0', 'r': 12, 'amplitude': 1.0, 'points': 4096, 'valid_fraction': 1.0, 'success': True, 'min_query': 0.0026349043042716404, 'closest_pair': (1883, 1917)} 512
BEGIN independent_n3_archived
independent_n3_archived svd r 1 success True
independent_n3_archived svd r 2 success True
independent_n3_archived svd r 3 success True
independent_n3_archived svd r 4 success True
independent_n3_archived svd r 5 success True
independent_n3_archived svd r 6 success False
independent_n3_archived svd r 7 success False
independent_n3_archived svd r 8 success False
independent_n3_archived svd r 9 success False
independent_n3_archived svd r 10 success False
independent_n3_archived query_aligned r 1 success True
independent_n3_archived query_aligned r 2 success True
independent_n3_archived query_aligned r 3 success True
independent_n3_archived query_aligned r 4 success True
independent_n3_archived query_aligned r 5 success True
independent_n3_archived query_aligned r 6 success True
independent_n3_archived query_aligned r 7 success False
independent_n3_archived query_aligned r 8 success False
independent_n3_archived query_aligned r 9 success False
independent_n3_archived query_aligned r 10 success False
independent_n3_archived hessian_aware r 1 success True
independent_n3_archived hessian_aware r 2 success True
independent_n3_archived hessian_aware r 3 success True
independent_n3_archived hessian_aware r 4 success True
independent_n3_archived hessian_aware r 5 success True
independent_n3_archived hessian_aware r 6 success False
independent_n3_archived hessian_aware r 7 success False
independent_n3_archived hessian_aware r 8 success False
independent_n3_archived hessian_aware r 9 success False
independent_n3_archived hessian_aware r 10 success False
independent_n3_archived rotated_0 r 1 success True
independent_n3_archived rotated_0 r 2 success True
independent_n3_archived rotated_0 r 3 success True
independent_n3_archived rotated_0 r 4 success True
independent_n3_archived rotated_0 r 5 success True
independent_n3_archived rotated_0 r 6 success True
independent_n3_archived rotated_0 r 7 success True
independent_n3_archived rotated_0 r 8 success True
independent_n3_archived rotated_0 r 9 success True
independent_n3_archived rotated_0 r 10 success False
independent_n3_archived rotated_1 r 1 success True
independent_n3_archived rotated_1 r 2 success True
independent_n3_archived rotated_1 r 3 success True
independent_n3_archived rotated_1 r 4 success True
independent_n3_archived rotated_1 r 5 success True
independent_n3_archived rotated_1 r 6 success False
independent_n3_archived rotated_1 r 7 success False
independent_n3_archived rotated_1 r 8 success False
independent_n3_archived rotated_1 r 9 success False
independent_n3_archived rotated_1 r 10 success False
DONE independent_n3_archived {'basis': 'rotated_0', 'r': 9, 'amplitude': 1.0, 'points': 512, 'valid_fraction': 1.0, 'residual_max': 1.7710208299881458e-12, 'success': True, 'min_query': 0.00308800900719919, 'closest_pair': (423, 434), 'failure': None} 512
BEGIN independent_n3_confirmation
independent_n3_confirmation svd r 1 success True
independent_n3_confirmation svd r 2 success True
independent_n3_confirmation svd r 3 success True
independent_n3_confirmation svd r 4 success True
independent_n3_confirmation svd r 5 success True
independent_n3_confirmation svd r 6 success False
independent_n3_confirmation svd r 7 success False
independent_n3_confirmation svd r 8 success False
independent_n3_confirmation svd r 9 success False
independent_n3_confirmation svd r 10 success False
independent_n3_confirmation query_aligned r 1 success True
independent_n3_confirmation query_aligned r 2 success True
independent_n3_confirmation query_aligned r 3 success True
independent_n3_confirmation query_aligned r 4 success True
independent_n3_confirmation query_aligned r 5 success True
independent_n3_confirmation query_aligned r 6 success False
independent_n3_confirmation query_aligned r 7 success False
independent_n3_confirmation query_aligned r 8 success False
independent_n3_confirmation query_aligned r 9 success False
independent_n3_confirmation query_aligned r 10 success False
independent_n3_confirmation hessian_aware r 1 success True
independent_n3_confirmation hessian_aware r 2 success True
independent_n3_confirmation hessian_aware r 3 success True
independent_n3_confirmation hessian_aware r 4 success True
independent_n3_confirmation hessian_aware r 5 success True
independent_n3_confirmation hessian_aware r 6 success False
independent_n3_confirmation hessian_aware r 7 success False
independent_n3_confirmation hessian_aware r 8 success False
independent_n3_confirmation hessian_aware r 9 success False
independent_n3_confirmation hessian_aware r 10 success False
independent_n3_confirmation rotated_0 r 1 success True
independent_n3_confirmation rotated_0 r 2 success True
independent_n3_confirmation rotated_0 r 3 success True
independent_n3_confirmation rotated_0 r 4 success True
independent_n3_confirmation rotated_0 r 5 success True
independent_n3_confirmation rotated_0 r 6 success True
independent_n3_confirmation rotated_0 r 7 success True
independent_n3_confirmation rotated_0 r 8 success True
independent_n3_confirmation rotated_0 r 9 success True
independent_n3_confirmation rotated_0 r 10 success False
independent_n3_confirmation rotated_1 r 1 success True
independent_n3_confirmation rotated_1 r 2 success True
independent_n3_confirmation rotated_1 r 3 success True
independent_n3_confirmation rotated_1 r 4 success True
independent_n3_confirmation rotated_1 r 5 success True
independent_n3_confirmation rotated_1 r 6 success True
independent_n3_confirmation rotated_1 r 7 success False
independent_n3_confirmation rotated_1 r 8 success False
independent_n3_confirmation rotated_1 r 9 success False
independent_n3_confirmation rotated_1 r 10 success False
DONE independent_n3_confirmation {'basis': 'rotated_0', 'r': 9, 'amplitude': 1.0, 'points': 512, 'valid_fraction': 1.0, 'residual_max': 1.901388768654755e-12, 'success': True, 'min_query': 0.0036599676312524237, 'closest_pair': (69, 80), 'failure': None} 512
BEGIN dense_n4_archived
dense_n4_archived svd r 1 success True
dense_n4_archived svd r 2 success True
dense_n4_archived svd r 3 success True
dense_n4_archived svd r 4 success True
dense_n4_archived svd r 5 success True
dense_n4_archived svd r 6 success True
dense_n4_archived svd r 7 success True
dense_n4_archived svd r 8 success True
dense_n4_archived svd r 9 success False
dense_n4_archived svd r 10 success False
dense_n4_archived query_aligned r 1 success True
dense_n4_archived query_aligned r 2 success True
dense_n4_archived query_aligned r 3 success True
dense_n4_archived query_aligned r 4 success True
dense_n4_archived query_aligned r 5 success True
dense_n4_archived query_aligned r 6 success True
dense_n4_archived query_aligned r 7 success True
dense_n4_archived query_aligned r 8 success True
dense_n4_archived query_aligned r 9 success False
dense_n4_archived query_aligned r 10 success False
dense_n4_archived hessian_aware r 1 success True
dense_n4_archived hessian_aware r 2 success True
dense_n4_archived hessian_aware r 3 success True
dense_n4_archived hessian_aware r 4 success True
dense_n4_archived hessian_aware r 5 success True
dense_n4_archived hessian_aware r 6 success True
dense_n4_archived hessian_aware r 7 success True
dense_n4_archived hessian_aware r 8 success True
dense_n4_archived hessian_aware r 9 success False
dense_n4_archived hessian_aware r 10 success False
dense_n4_archived rotated_0 r 1 success True
dense_n4_archived rotated_0 r 2 success True
dense_n4_archived rotated_0 r 3 success True
dense_n4_archived rotated_0 r 4 success True
dense_n4_archived rotated_0 r 5 success True
dense_n4_archived rotated_0 r 6 success True
dense_n4_archived rotated_0 r 7 success True
dense_n4_archived rotated_0 r 8 success True
dense_n4_archived rotated_0 r 9 success True
dense_n4_archived rotated_0 r 10 success True
dense_n4_archived rotated_1 r 1 success True
dense_n4_archived rotated_1 r 2 success True
dense_n4_archived rotated_1 r 3 success True
dense_n4_archived rotated_1 r 4 success True
dense_n4_archived rotated_1 r 5 success True
dense_n4_archived rotated_1 r 6 success True
dense_n4_archived rotated_1 r 7 success True
dense_n4_archived rotated_1 r 8 success True
dense_n4_archived rotated_1 r 9 success True
dense_n4_archived rotated_1 r 10 success True
DONE dense_n4_archived {'basis': 'rotated_0', 'r': 12, 'amplitude': 1.0, 'points': 4096, 'valid_fraction': 1.0, 'success': True, 'min_query': 0.007399396524888583, 'closest_pair': (3845, 3977)} 512
BEGIN dense_n4_confirmation
dense_n4_confirmation svd r 1 success True
dense_n4_confirmation svd r 2 success True
dense_n4_confirmation svd r 3 success True
dense_n4_confirmation svd r 4 success True
dense_n4_confirmation svd r 5 success True
dense_n4_confirmation svd r 6 success True
dense_n4_confirmation svd r 7 success True
dense_n4_confirmation svd r 8 success True
dense_n4_confirmation svd r 9 success False
dense_n4_confirmation svd r 10 success False
dense_n4_confirmation query_aligned r 1 success True
dense_n4_confirmation query_aligned r 2 success True
dense_n4_confirmation query_aligned r 3 success True
dense_n4_confirmation query_aligned r 4 success True
dense_n4_confirmation query_aligned r 5 success True
dense_n4_confirmation query_aligned r 6 success True
dense_n4_confirmation query_aligned r 7 success True
dense_n4_confirmation query_aligned r 8 success True
dense_n4_confirmation query_aligned r 9 success False
dense_n4_confirmation query_aligned r 10 success False
dense_n4_confirmation hessian_aware r 1 success True
dense_n4_confirmation hessian_aware r 2 success True
dense_n4_confirmation hessian_aware r 3 success True
dense_n4_confirmation hessian_aware r 4 success True
dense_n4_confirmation hessian_aware r 5 success True
dense_n4_confirmation hessian_aware r 6 success True
dense_n4_confirmation hessian_aware r 7 success True
dense_n4_confirmation hessian_aware r 8 success True
dense_n4_confirmation hessian_aware r 9 success False
dense_n4_confirmation hessian_aware r 10 success False
dense_n4_confirmation rotated_0 r 1 success True
dense_n4_confirmation rotated_0 r 2 success True
dense_n4_confirmation rotated_0 r 3 success True
dense_n4_confirmation rotated_0 r 4 success True
dense_n4_confirmation rotated_0 r 5 success True
dense_n4_confirmation rotated_0 r 6 success True
dense_n4_confirmation rotated_0 r 7 success True
dense_n4_confirmation rotated_0 r 8 success True
dense_n4_confirmation rotated_0 r 9 success True
dense_n4_confirmation rotated_0 r 10 success True
dense_n4_confirmation rotated_1 r 1 success True
dense_n4_confirmation rotated_1 r 2 success True
dense_n4_confirmation rotated_1 r 3 success True
dense_n4_confirmation rotated_1 r 4 success True
dense_n4_confirmation rotated_1 r 5 success True
dense_n4_confirmation rotated_1 r 6 success True
dense_n4_confirmation rotated_1 r 7 success True
dense_n4_confirmation rotated_1 r 8 success True
dense_n4_confirmation rotated_1 r 9 success True
dense_n4_confirmation rotated_1 r 10 success True
DONE dense_n4_confirmation {'basis': 'rotated_0', 'r': 12, 'amplitude': 1.0, 'points': 4096, 'valid_fraction': 1.0, 'success': True, 'min_query': 0.008949623674316684, 'closest_pair': (1310, 1339)} 512
BEGIN independent_n4_archived
independent_n4_archived svd r 1 success True
independent_n4_archived svd r 2 success True
independent_n4_archived svd r 3 success True
independent_n4_archived svd r 4 success True
independent_n4_archived svd r 5 success True
independent_n4_archived svd r 6 success True
independent_n4_archived svd r 7 success True
independent_n4_archived svd r 8 success True
independent_n4_archived svd r 9 success False
independent_n4_archived svd r 10 success False
independent_n4_archived query_aligned r 1 success True
independent_n4_archived query_aligned r 2 success True
independent_n4_archived query_aligned r 3 success True
independent_n4_archived query_aligned r 4 success True
independent_n4_archived query_aligned r 5 success True
independent_n4_archived query_aligned r 6 success True
independent_n4_archived query_aligned r 7 success True
independent_n4_archived query_aligned r 8 success True
independent_n4_archived query_aligned r 9 success False
independent_n4_archived query_aligned r 10 success False
independent_n4_archived hessian_aware r 1 success True
independent_n4_archived hessian_aware r 2 success True
independent_n4_archived hessian_aware r 3 success True
independent_n4_archived hessian_aware r 4 success True
independent_n4_archived hessian_aware r 5 success True
independent_n4_archived hessian_aware r 6 success True
independent_n4_archived hessian_aware r 7 success True
independent_n4_archived hessian_aware r 8 success True
independent_n4_archived hessian_aware r 9 success False
independent_n4_archived hessian_aware r 10 success False
independent_n4_archived rotated_0 r 1 success True
independent_n4_archived rotated_0 r 2 success True
independent_n4_archived rotated_0 r 3 success True
independent_n4_archived rotated_0 r 4 success True
independent_n4_archived rotated_0 r 5 success True
independent_n4_archived rotated_0 r 6 success True
independent_n4_archived rotated_0 r 7 success True
independent_n4_archived rotated_0 r 8 success True
independent_n4_archived rotated_0 r 9 success True
independent_n4_archived rotated_0 r 10 success True
independent_n4_archived rotated_1 r 1 success True
independent_n4_archived rotated_1 r 2 success True
independent_n4_archived rotated_1 r 3 success True
independent_n4_archived rotated_1 r 4 success True
independent_n4_archived rotated_1 r 5 success True
independent_n4_archived rotated_1 r 6 success True
independent_n4_archived rotated_1 r 7 success True
independent_n4_archived rotated_1 r 8 success True
independent_n4_archived rotated_1 r 9 success True
independent_n4_archived rotated_1 r 10 success True
DONE independent_n4_archived {'basis': 'rotated_1', 'r': 12, 'amplitude': 1.0, 'points': 4096, 'valid_fraction': 1.0, 'success': True, 'min_query': 0.0039039132976756547, 'closest_pair': (3780, 3821)} 512
BEGIN independent_n4_confirmation
independent_n4_confirmation svd r 1 success True
independent_n4_confirmation svd r 2 success True
independent_n4_confirmation svd r 3 success True
independent_n4_confirmation svd r 4 success True
independent_n4_confirmation svd r 5 success True
independent_n4_confirmation svd r 6 success True
independent_n4_confirmation svd r 7 success True
independent_n4_confirmation svd r 8 success True
independent_n4_confirmation svd r 9 success False
independent_n4_confirmation svd r 10 success False
independent_n4_confirmation query_aligned r 1 success True
independent_n4_confirmation query_aligned r 2 success True
independent_n4_confirmation query_aligned r 3 success True
independent_n4_confirmation query_aligned r 4 success True
independent_n4_confirmation query_aligned r 5 success True
independent_n4_confirmation query_aligned r 6 success True
independent_n4_confirmation query_aligned r 7 success True
independent_n4_confirmation query_aligned r 8 success True
independent_n4_confirmation query_aligned r 9 success False
independent_n4_confirmation query_aligned r 10 success False
independent_n4_confirmation hessian_aware r 1 success True
independent_n4_confirmation hessian_aware r 2 success True
independent_n4_confirmation hessian_aware r 3 success True
independent_n4_confirmation hessian_aware r 4 success True
independent_n4_confirmation hessian_aware r 5 success True
independent_n4_confirmation hessian_aware r 6 success True
independent_n4_confirmation hessian_aware r 7 success True
independent_n4_confirmation hessian_aware r 8 success True
independent_n4_confirmation hessian_aware r 9 success False
independent_n4_confirmation hessian_aware r 10 success False
independent_n4_confirmation rotated_0 r 1 success True
independent_n4_confirmation rotated_0 r 2 success True
independent_n4_confirmation rotated_0 r 3 success True
independent_n4_confirmation rotated_0 r 4 success True
independent_n4_confirmation rotated_0 r 5 success True
independent_n4_confirmation rotated_0 r 6 success True
independent_n4_confirmation rotated_0 r 7 success True
independent_n4_confirmation rotated_0 r 8 success True
independent_n4_confirmation rotated_0 r 9 success True
independent_n4_confirmation rotated_0 r 10 success True
independent_n4_confirmation rotated_1 r 1 success True
independent_n4_confirmation rotated_1 r 2 success True
independent_n4_confirmation rotated_1 r 3 success True
independent_n4_confirmation rotated_1 r 4 success True
independent_n4_confirmation rotated_1 r 5 success True
independent_n4_confirmation rotated_1 r 6 success True
independent_n4_confirmation rotated_1 r 7 success True
independent_n4_confirmation rotated_1 r 8 success True
independent_n4_confirmation rotated_1 r 9 success True
independent_n4_confirmation rotated_1 r 10 success True
DONE independent_n4_confirmation {'basis': 'rotated_1', 'r': 12, 'amplitude': 1.0, 'points': 4096, 'valid_fraction': 1.0, 'success': True, 'min_query': 0.006245720667641551, 'closest_pair': (768, 823)} 512
{"label": "official nonlinear geometry", "cpu_seconds": 1228.078125, "wall_seconds": 1279.9663512000116, "gpu_wall_upper_seconds": 1279.9663520000177, "peak_ram_bytes": 997896192, "peak_global_vram_bytes": 2102394880, "peak_our_gpu_pool_bytes": 494183936, "peak_temperature_c": 50, "workers": 1, "gpu_used": true}
